=== W5-StageD: RT-751 against the RT-401 seed clone ===
  S (7 specialists)          0.62581   0.63828 0.62040 0.63393 0.61751 0.61894

  -- standalone streams --
  RT-751     0.61726   0.63454 0.61201 0.62179 0.61673 0.60124
  RT-401     0.61661   0.62912 0.61229 0.62573 0.61001 0.60590
  RT-731     0.61483   0.62691 0.61437 0.62426 0.60136 0.60723

  -- eight-member compositions (equal weight, cross-fitted SCDF) --
  S+RT-751     0.62629  vs S +0.00048 (4/5)   0.63976 0.62056 0.63400 0.61915 0.61800
  S+RT-401     0.62584  vs S +0.00003 (4/5)   0.63859 0.62049 0.63416 0.61764 0.61831
  S+RT-731     0.62596  vs S +0.00015 (4/5)   0.63851 0.62103 0.63453 0.61680 0.61894

  BINDING: (S+RT-751) - (S+RT-401) = +0.00046  on 3/5 folds  ->  REJECTED: no information beyond seed diversity

  within-t rank correlation with S (NOT a promotion credential):
    RT-751     0.8133
    RT-401     0.8509
    RT-731     0.8106

  -- TS-AUC by post-break age --
       age               S        S+RT-751        S+RT-401   cand-ctrl
       0-5         0.51517         0.51509         0.51490    +0.00019
      5-10         0.53408         0.53364         0.53382    -0.00018
     10-20         0.54880         0.54858         0.54868    -0.00010
     20-50         0.57702         0.57697         0.57721    -0.00024
    50-100         0.60516         0.60539         0.60509    +0.00030
      100-         0.66151         0.66236         0.66156    +0.00080

  -- paired series bootstrap (200 reps, common random numbers) --
