[LightGBM] [Info] Number of positive: 30767, number of negative: 89233
[LightGBM] [Info] Auto-choosing row-wise multi-threading, the overhead of testing was 0.252904 seconds.
You can set `force_row_wise=true` to remove the overhead.
And if memory is not enough, you can set `force_col_wise=true`.
[LightGBM] [Info] Total Bins 124346
[LightGBM] [Info] Number of data points in the train set: 120000, number of used features: 1000
[LightGBM] [Info] [binary:BoostFromScore]: pavg=0.256392 -> initscore=-1.064808
[LightGBM] [Info] Start training from score -1.064808
teacher(outer=0,inner=1) train_folds=[2, 3, 4]  36s
[LightGBM] [Info] Number of positive: 30767, number of negative: 89233
[LightGBM] [Info] Auto-choosing row-wise multi-threading, the overhead of testing was 0.252252 seconds.
You can set `force_row_wise=true` to remove the overhead.
And if memory is not enough, you can set `force_col_wise=true`.
[LightGBM] [Info] Total Bins 124346
[LightGBM] [Info] Number of data points in the train set: 120000, number of used features: 1000
[LightGBM] [Info] [binary:BoostFromScore]: pavg=0.256392 -> initscore=-1.064808
[LightGBM] [Info] Start training from score -1.064808
teacher(outer=1,inner=0) train_folds=[2, 3, 4]  34s

train_folds identical : True
train rows identical  : True  (120,000 rows)
model string identical: True
predictions bitwise equal: True   max|diff| = 0.000e+00

=== distinct training sets across the full nested scheme ===
ordered (outer,inner) pairs fitted by build_nested_Q : 20
distinct training sets among them                    : 10
  train on [2, 3, 4] <- fitted for [(0, 1), (1, 0)]
  train on [1, 3, 4] <- fitted for [(0, 2), (2, 0)]
  train on [1, 2, 4] <- fitted for [(0, 3), (3, 0)]
  train on [1, 2, 3] <- fitted for [(0, 4), (4, 0)]
  train on [0, 3, 4] <- fitted for [(1, 2), (2, 1)]
  train on [0, 2, 4] <- fitted for [(1, 3), (3, 1)]
  train on [0, 2, 3] <- fitted for [(1, 4), (4, 1)]
  train on [0, 1, 4] <- fitted for [(2, 3), (3, 2)]
  train on [0, 1, 3] <- fitted for [(2, 4), (4, 2)]
  train on [0, 1, 2] <- fitted for [(3, 4), (4, 3)]
